// Jest Snapshot v1, https://goo.gl/fbAQLP

exports[`Error renders the text 1`] = `ShallowWrapper {}`;
