// Jest Snapshot v1, https://goo.gl/fbAQLP

exports[`Error renders the component 1`] = `ReactWrapper {}`;
